Node: Statements
	PreprocessorInclude: 'SomeFile.h'
	NewlineNode
	Macro POTATO with args None expanding to '12345'
	NewlineNode
	Macro FOO with args None expanding to '12345 > 4578'
	NewlineNode
	Node: Statements
	NewlineNode
	Node: Statements
	Identifier: int
	Whitespace:  
	Identifier: main
	ASCIILit: (
	ASCIILit: )
	Whitespace:  
	ASCIILit: {
	NewlineNode
	Node: Statements
	Whitespace:  
	Whitespace:  
	Whitespace:  
	Whitespace:  
	Identifier: int
	Whitespace:  
	Identifier: x
	Whitespace:  
	ASCIILit: =
	Whitespace:  
	PreprocessingNumber: 3
	ASCIILit: ;
	NewlineNode
	Node: Statements
	Whitespace:  
	Whitespace:  
	Whitespace:  
	Whitespace:  
	Identifier: int
	Whitespace:  
	Identifier: sum
	Whitespace:  
	ASCIILit: =
	Whitespace:  
	PreprocessingNumber: 0
	ASCIILit: ;
	NewlineNode
	Node: Statements
	NewlineNode
	Node: Statements
	Whitespace:  
	Whitespace:  
	Whitespace:  
	Whitespace:  
	Identifier: for
	ASCIILit: (
	Identifier: int
	Whitespace:  
	Identifier: i
	Whitespace:  
	ASCIILit: =
	Whitespace:  
	PreprocessingNumber: 0
	ASCIILit: ;
	Whitespace:  
	Identifier: i
	Whitespace:  
	ASCIILit: <
	Whitespace:  
	Identifier: x
	ASCIILit: ;
	Whitespace:  
	Identifier: i
	ASCIILit: +
	ASCIILit: +
	ASCIILit: )
	Whitespace:  
	ASCIILit: {
	NewlineNode
	Node: Statements
	Whitespace:  
	Whitespace:  
	Whitespace:  
	Whitespace:  
	Whitespace:  
	Whitespace:  
	Whitespace:  
	Whitespace:  
	Identifier: sum
	Whitespace:  
	ASCIILit: +
	ASCIILit: =
	Whitespace:  
	Identifier: i
	ASCIILit: ;
	NewlineNode
	Node: Statements
	Whitespace:  
	Whitespace:  
	Whitespace:  
	Whitespace:  
	ASCIILit: }
	NewlineNode
	Node: Statements
	Whitespace:  
	Whitespace:  
	Whitespace:  
	Whitespace:  
	Identifier: if
	Whitespace:  
	ASCIILit: (
	Identifier: SomeOtherFileIncluded
	ASCIILit: )
	Whitespace:  
	ASCIILit: {
	NewlineNode
	Node: Statements
	Whitespace:  
	Whitespace:  
	Whitespace:  
	Whitespace:  
	Whitespace:  
	Whitespace:  
	Whitespace:  
	Whitespace:  
	Identifier: return
	Whitespace:  
	Identifier: sum
	ASCIILit: ;
	NewlineNode
	Node: Statements
	Whitespace:  
	Whitespace:  
	Whitespace:  
	Whitespace:  
	ASCIILit: }
	Whitespace:  
	Identifier: else
	Whitespace:  
	ASCIILit: {
	NewlineNode
	Node: Statements
	Whitespace:  
	Whitespace:  
	Whitespace:  
	Whitespace:  
	Whitespace:  
	Whitespace:  
	Whitespace:  
	Whitespace:  
	Identifier: return
	Whitespace:  
	ASCIILit: -
	PreprocessingNumber: 1
	ASCIILit: ;
	NewlineNode
	Node: Statements
	Whitespace:  
	Whitespace:  
	Whitespace:  
	Whitespace:  
	ASCIILit: }
	NewlineNode
	Node: Statements
	ASCIILit: }
